mode: set
/home/lzuccarelli/Projects/myportfolio/myportfolio-authinterface/middleware.go:21.61,26.17 3 1
/home/lzuccarelli/Projects/myportfolio/myportfolio-authinterface/middleware.go:71.2,73.27 3 1
/home/lzuccarelli/Projects/myportfolio/myportfolio-authinterface/middleware.go:26.17,29.3 2 1
/home/lzuccarelli/Projects/myportfolio/myportfolio-authinterface/middleware.go:29.8,49.95 9 1
/home/lzuccarelli/Projects/myportfolio/myportfolio-authinterface/middleware.go:53.3,53.17 1 1
/home/lzuccarelli/Projects/myportfolio/myportfolio-authinterface/middleware.go:49.95,51.4 1 0
/home/lzuccarelli/Projects/myportfolio/myportfolio-authinterface/middleware.go:53.17,54.54 1 1
/home/lzuccarelli/Projects/myportfolio/myportfolio-authinterface/middleware.go:54.54,57.5 2 0
/home/lzuccarelli/Projects/myportfolio/myportfolio-authinterface/middleware.go:57.10,60.5 2 1
/home/lzuccarelli/Projects/myportfolio/myportfolio-authinterface/middleware.go:61.9,62.18 1 0
/home/lzuccarelli/Projects/myportfolio/myportfolio-authinterface/middleware.go:62.18,65.5 2 0
/home/lzuccarelli/Projects/myportfolio/myportfolio-authinterface/middleware.go:65.10,68.5 2 0
/home/lzuccarelli/Projects/myportfolio/myportfolio-authinterface/middleware.go:76.54,78.2 1 1
/home/lzuccarelli/Projects/myportfolio/myportfolio-authinterface/middleware.go:81.57,83.38 2 1
/home/lzuccarelli/Projects/myportfolio/myportfolio-authinterface/middleware.go:90.2,96.134 5 1
/home/lzuccarelli/Projects/myportfolio/myportfolio-authinterface/middleware.go:83.38,85.29 2 1
/home/lzuccarelli/Projects/myportfolio/myportfolio-authinterface/middleware.go:85.29,87.4 1 1
/home/lzuccarelli/Projects/myportfolio/myportfolio-authinterface/middleware.go:101.65,102.27 1 1
/home/lzuccarelli/Projects/myportfolio/myportfolio-authinterface/middleware.go:105.2,105.14 1 1
/home/lzuccarelli/Projects/myportfolio/myportfolio-authinterface/middleware.go:102.27,104.3 1 0
/home/lzuccarelli/Projects/myportfolio/myportfolio-authinterface/validate.go:12.36,16.27 4 1
/home/lzuccarelli/Projects/myportfolio/myportfolio-authinterface/validate.go:24.2,24.12 1 1
/home/lzuccarelli/Projects/myportfolio/myportfolio-authinterface/validate.go:16.27,17.15 1 1
/home/lzuccarelli/Projects/myportfolio/myportfolio-authinterface/validate.go:17.15,20.4 2 1
/home/lzuccarelli/Projects/myportfolio/myportfolio-authinterface/validate.go:20.9,22.4 1 1
/home/lzuccarelli/Projects/myportfolio/myportfolio-authinterface/validate.go:30.29,38.26 2 1
/home/lzuccarelli/Projects/myportfolio/myportfolio-authinterface/validate.go:43.2,43.12 1 1
/home/lzuccarelli/Projects/myportfolio/myportfolio-authinterface/validate.go:38.26,39.46 1 1
/home/lzuccarelli/Projects/myportfolio/myportfolio-authinterface/validate.go:39.46,41.4 1 1
